// Jest Snapshot v1, https://goo.gl/fbAQLP

exports[`render HomeSlider 1`] = `
<div
  id="slider-wrapper"
>
  <div
    className="slider"
  >
    <div
      className="slick-slider slick-initialized"
      dir="ltr"
    >
      <div
        className="slick-arrow slick-prev go-previous"
        onClick={[Function]}
        style={
          Object {
            "display": "block",
          }
        }
      >
        <svg
          className="icon w-8 fill-white"
        >
          arrow-left.svg
        </svg>
      </div>
      <div
        className="slick-list"
        onClick={[Function]}
        onKeyDown={[Function]}
        onMouseDown={[Function]}
        onMouseLeave={null}
        onMouseMove={null}
        onMouseUp={[Function]}
        onTouchCancel={null}
        onTouchEnd={[Function]}
        onTouchMove={null}
        onTouchStart={[Function]}
        style={Object {}}
      >
        <div
          className="slick-track"
          onMouseEnter={[Function]}
          onMouseLeave={[Function]}
          onMouseOver={[Function]}
          style={
            Object {
              "opacity": 1,
            }
          }
        >
          <div
            aria-hidden={false}
            className="slick-slide slick-active slick-current"
            data-index={0}
            onClick={[Function]}
            style={
              Object {
                "left": -0,
                "opacity": 1,
                "outline": "none",
                "position": "relative",
                "transition": "opacity 200ms ease, visibility 200ms ease",
                "width": 0,
              }
            }
            tabIndex="-1"
          >
            <div>
              <div
                className="bg-black"
                style={
                  Object {
                    "display": "inline-block",
                    "width": "100%",
                  }
                }
                tabIndex={-1}
              >
                <img
                  alt="Fashion"
                  className="slide-img"
                  src="slide1.png"
                />
                <p
                  className="title text-blue2"
                >
                  Fashion
                </p>
                <p
                  className="subtitle text-white"
                >
                  Lançamentos
                </p>
                <a
                  className="btn-view inline-block bg-primary text-white border-2 border-primary hover:bg-white hover:text-primary"
                  href="/"
                >
                  Comprar
                </a>
              </div>
            </div>
          </div>
          <div
            aria-hidden={true}
            className="slick-slide"
            data-index={1}
            onClick={[Function]}
            style={
              Object {
                "left": -0,
                "opacity": 0,
                "outline": "none",
                "position": "relative",
                "transition": "opacity 200ms ease, visibility 200ms ease",
                "width": 0,
              }
            }
            tabIndex="-1"
          >
            <div>
              <div
                className="bg-primary"
                style={
                  Object {
                    "display": "inline-block",
                    "width": "100%",
                  }
                }
                tabIndex={-1}
              >
                <img
                  alt="Casual"
                  className="slide-img"
                  src="slide1.png"
                />
                <p
                  className="title text-blue2"
                >
                  Casual
                </p>
                <p
                  className="subtitle text-white"
                >
                  Promoções
                </p>
                <a
                  className="btn-view inline-block bg-primary text-white border-2 border-primary hover:bg-white hover:text-primary"
                  href="/"
                >
                  Comprar
                </a>
              </div>
            </div>
          </div>
        </div>
      </div>
      <div
        className="slick-arrow slick-next go-next"
        onClick={[Function]}
        style={
          Object {
            "display": "block",
          }
        }
      >
        <svg
          className="icon w-8 fill-white"
        >
          arrow-right.svg
        </svg>
      </div>
    </div>
  </div>
</div>
`;
