// Jest Snapshot v1, https://goo.gl/fbAQLP

exports[`render LeftColumn 1`] = `
<div
  className="col-left"
>
  <div
    className="categories"
  >
    <button
      onClick={[Function]}
    >
      <span
        className="icon-arrow-down"
      />
      Categories
    </button>
    <div
      className="open"
    >
      <ul>
        <li
          className="active"
        >
          <a
            href="/shop"
            onClick={[Function]}
          >
            Casual
            <span>
              01
            </span>
          </a>
        </li>
        <li>
          <a
            href="/shop"
            onClick={[Function]}
          >
            Corrida
            <span>
              15
            </span>
          </a>
        </li>
        <li>
          <a
            href="/shop"
            onClick={[Function]}
          >
            Treino
            <span>
              20
            </span>
          </a>
        </li>
        <li>
          <a
            href="/shop"
            onClick={[Function]}
          >
            Cachecóis
            <span>
              30
            </span>
          </a>
        </li>
        <li>
          <a
            href="/shop"
            onClick={[Function]}
          >
            Acessórios
            <span>
              35
            </span>
          </a>
        </li>
        <li>
          <a
            href="/shop"
            onClick={[Function]}
          >
            Calçados
            <span>
              45
            </span>
          </a>
        </li>
      </ul>
    </div>
  </div>
  <div
    className="price-filter"
  >
    <button
      onClick={[Function]}
    >
      <span
        className="icon-arrow-down"
      />
       Preço
    </button>
    <div
      className="open"
    >
      <div
        className="price-input"
      >
        <div
          className="field"
        >
          <input
            className="input-min"
            defaultValue="2500"
            type="number"
          />
        </div>
        <div
          className="field"
        >
          <input
            className="input-max"
            defaultValue="7500"
            type="number"
          />
        </div>
      </div>
      <div
        className="slider-price"
      >
        <div
          className="progress"
        />
      </div>
      <div
        className="range-input"
      >
        <input
          className="range-min"
          defaultValue="2500"
          max="10000"
          min="0"
          step="100"
          type="range"
        />
        <input
          className="range-max"
          defaultValue="7500"
          max="10000"
          min="0"
          step="100"
          type="range"
        />
      </div>
    </div>
  </div>
  <div
    className="color-filter"
  >
    <button
      onClick={[Function]}
    >
      <span
        className="icon-arrow-down"
      />
       Cor
    </button>
    <div
      className="open"
    >
      <ul>
        <li>
          <button
            className="active"
            onClick={[Function]}
            style={
              Object {
                "background": "#fff",
              }
            }
          />
        </li>
        <li>
          <button
            onClick={[Function]}
            style={
              Object {
                "background": "red",
              }
            }
          />
        </li>
        <li>
          <button
            onClick={[Function]}
            style={
              Object {
                "background": "#ffeb3b",
              }
            }
          />
        </li>
        <li>
          <button
            onClick={[Function]}
            style={
              Object {
                "background": "#4baf4f",
              }
            }
          />
        </li>
        <li>
          <button
            onClick={[Function]}
            style={
              Object {
                "background": "#2195f3",
              }
            }
          />
        </li>
        <li>
          <button
            onClick={[Function]}
            style={
              Object {
                "background": "#9b27af",
              }
            }
          />
        </li>
        <li>
          <button
            onClick={[Function]}
            style={
              Object {
                "background": "#8bc349",
              }
            }
          />
        </li>
        <li>
          <button
            onClick={[Function]}
            style={
              Object {
                "background": "#ff9700",
              }
            }
          />
        </li>
      </ul>
    </div>
  </div>
  <div
    className="size-filter"
  >
    <button
      onClick={[Function]}
    >
      <span
        className="icon-arrow-down"
      />
       Size
    </button>
    <div
      className="open"
    >
      <ul>
        <li>
          <button
            className="active"
            onClick={[Function]}
          >
            s
          </button>
        </li>
        <li>
          <button
            onClick={[Function]}
          >
            m
          </button>
        </li>
        <li>
          <button
            onClick={[Function]}
          >
            l
          </button>
        </li>
        <li>
          <button
            onClick={[Function]}
          >
            xl
          </button>
        </li>
      </ul>
    </div>
  </div>
</div>
`;
