// Jest Snapshot v1, https://goo.gl/fbAQLP

exports[`render Catalog 1`] = `
<div>
  <div
    className="title-wrap"
  >
    <div
      className="container mx-auto"
    >
      <h1>
        Roupas Casuais
      </h1>
      <div
        className="breadcrumbs"
      >
        <ul
          className="flex flex-row justify-center"
        >
          <li>
            <a
              href="/"
              onClick={[Function]}
            >
              Home
            </a>
          </li>
          <li>
            <a
              href="/shop"
              onClick={[Function]}
            >
              Catálogo
            </a>
          </li>
          <li>
            <a
              href="/shop"
              onClick={[Function]}
            >
              Homem
            </a>
          </li>
          <li>
            Casual
          </li>
        </ul>
      </div>
    </div>
  </div>
  <div
    className="category-banner"
  >
    <div
      className="container mx-auto"
    >
      <div
        className="flex justify-between"
      >
        <div
          className="banner-cat-large"
        >
          <img
            alt=""
            src="banner-cat-large.jpg"
          />
          <p
            className="banner-subtitle text-white"
          >
            lifestyle
          </p>
          <p
            className="banner-title text-white"
          >
            Algodão listrado
          </p>
          <a
            className="banner-btn bg-white text-gold"
            href="/shop"
            onClick={[Function]}
          >
            Saiba mais
          </a>
        </div>
        <div
          className="banner-cat-small"
        >
          <img
            alt=""
            src="banner-cat-small.jpg"
          />
          <p
            className="banner-subtitle text-white"
          >
            lifestyle
          </p>
          <p
            className="banner-title text-white"
          >
            Coleção Fashion
          </p>
          <a
            className="banner-btn bg-white text-gold"
            href="/shop"
            onClick={[Function]}
          >
            Saiba mais
          </a>
        </div>
      </div>
    </div>
  </div>
  <div
    className="category-top"
  >
    <div
      className="container mx-auto"
    >
      <div
        className="flex flex-wrap md:flex-nowrap justify-between"
      >
        <div
          className="flex justify-between basis-2/4 md:basis-1/4"
        >
          <h4>
            Filtros
          </h4>
          <div
            className="filter-reset"
          >
            <button>
              <span
                className="icon-refresh"
              />
            </button>
          </div>
        </div>
        <div
          className="flex justify-between basis-2/4 md:basis-1/4"
        >
          <h4>
            Ordenar:
          </h4>
          <select
            className="border-hidden"
          >
            <option />
            <option>
              Nome
            </option>
            <option>
              Preço
            </option>
          </select>
        </div>
        <div
          className="flex justify-between basis-2/4 md:basis-1/4"
        >
          <h4>
            Mostrar:
          </h4>
          <select
            className="border-hidden"
          >
            <option>
              16
            </option>
            <option>
              20
            </option>
            <option>
              24
            </option>
          </select>
        </div>
        <div
          className="flex justify-between basis-2/4 md:basis-1/4"
        >
          <button
            className="toggle-view "
            id="toggle-list"
            onClick={[Function]}
          >
            <span
              className="icon-list"
            />
          </button>
          <button
            className="toggle-view active"
            id="toggle-grid"
            onClick={[Function]}
          >
            <span
              className="icon-grid"
            />
          </button>
          <a
            className="view-all text-white"
            href="/shop"
            onClick={[Function]}
          >
            Ver todos
          </a>
        </div>
      </div>
    </div>
  </div>
  <div
    className="category-main"
  >
    <div
      className="container mx-auto"
    >
      <div
        className="flex flex-wrap md:flex-nowrap justify-between"
      >
        <div
          className="basis-full md:basis-1/4"
        >
          <div
            className="col-left"
          >
            <div
              className="categories"
            >
              <button
                onClick={[Function]}
              >
                <span
                  className="icon-arrow-down"
                />
                Categories
              </button>
              <div
                className="open"
              >
                <ul>
                  <li
                    className="active"
                  >
                    <a
                      href="/shop"
                      onClick={[Function]}
                    >
                      Casual
                      <span>
                        01
                      </span>
                    </a>
                  </li>
                  <li>
                    <a
                      href="/shop"
                      onClick={[Function]}
                    >
                      Corrida
                      <span>
                        15
                      </span>
                    </a>
                  </li>
                  <li>
                    <a
                      href="/shop"
                      onClick={[Function]}
                    >
                      Treino
                      <span>
                        20
                      </span>
                    </a>
                  </li>
                  <li>
                    <a
                      href="/shop"
                      onClick={[Function]}
                    >
                      Cachecóis
                      <span>
                        30
                      </span>
                    </a>
                  </li>
                  <li>
                    <a
                      href="/shop"
                      onClick={[Function]}
                    >
                      Acessórios
                      <span>
                        35
                      </span>
                    </a>
                  </li>
                  <li>
                    <a
                      href="/shop"
                      onClick={[Function]}
                    >
                      Calçados
                      <span>
                        45
                      </span>
                    </a>
                  </li>
                </ul>
              </div>
            </div>
            <div
              className="price-filter"
            >
              <button
                onClick={[Function]}
              >
                <span
                  className="icon-arrow-down"
                />
                 Preço
              </button>
              <div
                className="open"
              >
                <div
                  className="price-input"
                >
                  <div
                    className="field"
                  >
                    <input
                      className="input-min"
                      defaultValue="2500"
                      type="number"
                    />
                  </div>
                  <div
                    className="field"
                  >
                    <input
                      className="input-max"
                      defaultValue="7500"
                      type="number"
                    />
                  </div>
                </div>
                <div
                  className="slider-price"
                >
                  <div
                    className="progress"
                  />
                </div>
                <div
                  className="range-input"
                >
                  <input
                    className="range-min"
                    defaultValue="2500"
                    max="10000"
                    min="0"
                    step="100"
                    type="range"
                  />
                  <input
                    className="range-max"
                    defaultValue="7500"
                    max="10000"
                    min="0"
                    step="100"
                    type="range"
                  />
                </div>
              </div>
            </div>
            <div
              className="color-filter"
            >
              <button
                onClick={[Function]}
              >
                <span
                  className="icon-arrow-down"
                />
                 Cor
              </button>
              <div
                className="open"
              >
                <ul>
                  <li>
                    <button
                      className="active"
                      onClick={[Function]}
                      style={
                        Object {
                          "background": "#fff",
                        }
                      }
                    />
                  </li>
                  <li>
                    <button
                      onClick={[Function]}
                      style={
                        Object {
                          "background": "red",
                        }
                      }
                    />
                  </li>
                  <li>
                    <button
                      onClick={[Function]}
                      style={
                        Object {
                          "background": "#ffeb3b",
                        }
                      }
                    />
                  </li>
                  <li>
                    <button
                      onClick={[Function]}
                      style={
                        Object {
                          "background": "#4baf4f",
                        }
                      }
                    />
                  </li>
                  <li>
                    <button
                      onClick={[Function]}
                      style={
                        Object {
                          "background": "#2195f3",
                        }
                      }
                    />
                  </li>
                  <li>
                    <button
                      onClick={[Function]}
                      style={
                        Object {
                          "background": "#9b27af",
                        }
                      }
                    />
                  </li>
                  <li>
                    <button
                      onClick={[Function]}
                      style={
                        Object {
                          "background": "#8bc349",
                        }
                      }
                    />
                  </li>
                  <li>
                    <button
                      onClick={[Function]}
                      style={
                        Object {
                          "background": "#ff9700",
                        }
                      }
                    />
                  </li>
                </ul>
              </div>
            </div>
            <div
              className="size-filter"
            >
              <button
                onClick={[Function]}
              >
                <span
                  className="icon-arrow-down"
                />
                 Size
              </button>
              <div
                className="open"
              >
                <ul>
                  <li>
                    <button
                      className="active"
                      onClick={[Function]}
                    >
                      s
                    </button>
                  </li>
                  <li>
                    <button
                      onClick={[Function]}
                    >
                      m
                    </button>
                  </li>
                  <li>
                    <button
                      onClick={[Function]}
                    >
                      l
                    </button>
                  </li>
                  <li>
                    <button
                      onClick={[Function]}
                    >
                      xl
                    </button>
                  </li>
                </ul>
              </div>
            </div>
          </div>
        </div>
        <div
          className="basis-full md:basis-3/4 category-products"
        >
          <div
            className="products flex flex-wrap "
          >
            <div
              className="basis-1/3"
            >
              <a
                href="/product"
                onClick={[Function]}
              >
                <div
                  className="product border border-slate-300"
                >
                  <img
                    alt="Camiseta algodão"
                    src="produto.png"
                  />
                  <p
                    className="product-name"
                  >
                    Camiseta algodão
                  </p>
                  <p
                    className="product-price"
                  >
                    R$175.00
                  </p>
                  <p
                    className="short-desc"
                  >
                    Camiseta Comfort Básica em Algodão com Manga Curta
                    <br />
                    Camiseta comfort, em algodão peruano, com mangas curtas. Confeccionada em algodão peruano, a peça é leve e respirável.
                  </p>
                </div>
              </a>
            </div>
            <div
              className="basis-1/3"
            >
              <a
                href="/product"
                onClick={[Function]}
              >
                <div
                  className="product border border-slate-300"
                >
                  <img
                    alt="Camiseta algodão"
                    src="produto.png"
                  />
                  <p
                    className="product-name"
                  >
                    Camiseta algodão
                  </p>
                  <p
                    className="product-price"
                  >
                    R$175.00
                  </p>
                  <p
                    className="short-desc"
                  >
                    Camiseta Comfort Básica em Algodão com Manga Curta
                    <br />
                    Camiseta comfort, em algodão peruano, com mangas curtas. Confeccionada em algodão peruano, a peça é leve e respirável.
                  </p>
                </div>
              </a>
            </div>
            <div
              className="basis-1/3"
            >
              <a
                href="/product"
                onClick={[Function]}
              >
                <div
                  className="product border border-slate-300"
                >
                  <img
                    alt="Camiseta algodão"
                    src="produto.png"
                  />
                  <p
                    className="product-name"
                  >
                    Camiseta algodão
                  </p>
                  <p
                    className="product-price"
                  >
                    R$175.00
                  </p>
                  <p
                    className="short-desc"
                  >
                    Camiseta Comfort Básica em Algodão com Manga Curta
                    <br />
                    Camiseta comfort, em algodão peruano, com mangas curtas. Confeccionada em algodão peruano, a peça é leve e respirável.
                  </p>
                </div>
              </a>
            </div>
            <div
              className="basis-1/3"
            >
              <a
                href="/product"
                onClick={[Function]}
              >
                <div
                  className="product border border-slate-300"
                >
                  <img
                    alt="Camiseta algodão"
                    src="produto.png"
                  />
                  <p
                    className="product-name"
                  >
                    Camiseta algodão
                  </p>
                  <p
                    className="product-price"
                  >
                    R$175.00
                  </p>
                  <p
                    className="short-desc"
                  >
                    Camiseta Comfort Básica em Algodão com Manga Curta
                    <br />
                    Camiseta comfort, em algodão peruano, com mangas curtas. Confeccionada em algodão peruano, a peça é leve e respirável.
                  </p>
                </div>
              </a>
            </div>
            <div
              className="basis-1/3"
            >
              <a
                href="/product"
                onClick={[Function]}
              >
                <div
                  className="product border border-slate-300"
                >
                  <img
                    alt="Camiseta algodão"
                    src="produto.png"
                  />
                  <p
                    className="product-name"
                  >
                    Camiseta algodão
                  </p>
                  <p
                    className="product-price"
                  >
                    R$175.00
                  </p>
                  <p
                    className="short-desc"
                  >
                    Camiseta Comfort Básica em Algodão com Manga Curta
                    <br />
                    Camiseta comfort, em algodão peruano, com mangas curtas. Confeccionada em algodão peruano, a peça é leve e respirável.
                  </p>
                </div>
              </a>
            </div>
            <div
              className="basis-1/3"
            >
              <a
                href="/product"
                onClick={[Function]}
              >
                <div
                  className="product border border-slate-300"
                >
                  <img
                    alt="Camiseta algodão"
                    src="produto.png"
                  />
                  <p
                    className="product-name"
                  >
                    Camiseta algodão
                  </p>
                  <p
                    className="product-price"
                  >
                    R$175.00
                  </p>
                  <p
                    className="short-desc"
                  >
                    Camiseta Comfort Básica em Algodão com Manga Curta
                    <br />
                    Camiseta comfort, em algodão peruano, com mangas curtas. Confeccionada em algodão peruano, a peça é leve e respirável.
                  </p>
                </div>
              </a>
            </div>
            <div
              className="basis-1/3"
            >
              <a
                href="/product"
                onClick={[Function]}
              >
                <div
                  className="product border border-slate-300"
                >
                  <img
                    alt="Camiseta algodão"
                    src="produto.png"
                  />
                  <p
                    className="product-name"
                  >
                    Camiseta algodão
                  </p>
                  <p
                    className="product-price"
                  >
                    R$175.00
                  </p>
                  <p
                    className="short-desc"
                  >
                    Camiseta Comfort Básica em Algodão com Manga Curta
                    <br />
                    Camiseta comfort, em algodão peruano, com mangas curtas. Confeccionada em algodão peruano, a peça é leve e respirável.
                  </p>
                </div>
              </a>
            </div>
            <div
              className="basis-1/3"
            >
              <a
                href="/product"
                onClick={[Function]}
              >
                <div
                  className="product border border-slate-300"
                >
                  <img
                    alt="Camiseta algodão"
                    src="produto.png"
                  />
                  <p
                    className="product-name"
                  >
                    Camiseta algodão
                  </p>
                  <p
                    className="product-price"
                  >
                    R$175.00
                  </p>
                  <p
                    className="short-desc"
                  >
                    Camiseta Comfort Básica em Algodão com Manga Curta
                    <br />
                    Camiseta comfort, em algodão peruano, com mangas curtas. Confeccionada em algodão peruano, a peça é leve e respirável.
                  </p>
                </div>
              </a>
            </div>
            <div
              className="basis-1/3"
            >
              <a
                href="/product"
                onClick={[Function]}
              >
                <div
                  className="product border border-slate-300"
                >
                  <img
                    alt="Camiseta algodão"
                    src="produto.png"
                  />
                  <p
                    className="product-name"
                  >
                    Camiseta algodão
                  </p>
                  <p
                    className="product-price"
                  >
                    R$175.00
                  </p>
                  <p
                    className="short-desc"
                  >
                    Camiseta Comfort Básica em Algodão com Manga Curta
                    <br />
                    Camiseta comfort, em algodão peruano, com mangas curtas. Confeccionada em algodão peruano, a peça é leve e respirável.
                  </p>
                </div>
              </a>
            </div>
          </div>
        </div>
      </div>
      <div
        className="pagination"
      >
        <ul>
          <li
            className="previous"
          >
            <a
              href="/shop"
              onClick={[Function]}
            >
              <span
                className="icon-arrow-left"
              />
            </a>
          </li>
          <li>
            <a
              href="/shop"
              onClick={[Function]}
            >
              01
            </a>
          </li>
          <li>
            <a
              href="/shop"
              onClick={[Function]}
            >
              02
            </a>
          </li>
          <li>
            <a
              className="active"
              href="/shop"
              onClick={[Function]}
            >
              03
            </a>
          </li>
          <li>
            <a
              href="/shop"
              onClick={[Function]}
            >
              04
            </a>
          </li>
          <li>
            <a
              href="/shop"
              onClick={[Function]}
            >
              05
            </a>
          </li>
          <li
            className="next"
          >
            <a
              href="/shop"
              onClick={[Function]}
            >
              <span
                className="icon-arrow-right"
              />
            </a>
          </li>
        </ul>
      </div>
    </div>
  </div>
  <div
    className="category-slider"
  >
    <div
      className="slick-slider slick-initialized"
      dir="ltr"
    >
      <button
        className="slick-arrow slick-prev"
        data-role="none"
        onClick={[Function]}
        style={
          Object {
            "display": "block",
          }
        }
        type="button"
      >
         
        Previous
      </button>
      <div
        className="slick-list"
        onClick={[Function]}
        onKeyDown={[Function]}
        onMouseDown={[Function]}
        onMouseLeave={null}
        onMouseMove={null}
        onMouseUp={[Function]}
        onTouchCancel={null}
        onTouchEnd={[Function]}
        onTouchMove={null}
        onTouchStart={[Function]}
        style={Object {}}
      >
        <div
          className="slick-track"
          onMouseEnter={[Function]}
          onMouseLeave={[Function]}
          onMouseOver={[Function]}
          style={
            Object {
              "WebkitTransform": "translate3d(0px, 0px, 0px)",
              "WebkitTransition": "",
              "msTransform": "translateX(0px)",
              "opacity": 1,
              "transform": "translate3d(0px, 0px, 0px)",
              "transition": "",
            }
          }
        >
          <div
            aria-hidden={true}
            className="slick-slide slick-cloned"
            data-index={-1}
            onClick={[Function]}
            style={
              Object {
                "width": 0,
              }
            }
            tabIndex="-1"
          >
            <div>
              <div
                style={
                  Object {
                    "display": "inline-block",
                    "width": "100%",
                  }
                }
                tabIndex={-1}
              >
                <img
                  alt=""
                  src="category-slide2.jpg"
                />
                <div
                  className="info"
                >
                  <span>
                    Novo Produto
                  </span>
                  <p>
                    A Nova Coleção de Verão
                  </p>
                </div>
              </div>
            </div>
          </div>
          <div
            aria-hidden={false}
            className="slick-slide slick-active slick-current"
            data-index={0}
            onClick={[Function]}
            style={
              Object {
                "outline": "none",
                "width": 0,
              }
            }
            tabIndex="-1"
          >
            <div>
              <div
                style={
                  Object {
                    "display": "inline-block",
                    "width": "100%",
                  }
                }
                tabIndex={-1}
              >
                <img
                  alt=""
                  src="category-slide1.jpg"
                />
                <div
                  className="info"
                >
                  <span>
                    Novo Produto
                  </span>
                  <p>
                    A Nova Coleção de Verão
                  </p>
                </div>
              </div>
            </div>
          </div>
          <div
            aria-hidden={true}
            className="slick-slide"
            data-index={1}
            onClick={[Function]}
            style={
              Object {
                "outline": "none",
                "width": 0,
              }
            }
            tabIndex="-1"
          >
            <div>
              <div
                style={
                  Object {
                    "display": "inline-block",
                    "width": "100%",
                  }
                }
                tabIndex={-1}
              >
                <img
                  alt=""
                  src="category-slide2.jpg"
                />
                <div
                  className="info"
                >
                  <span>
                    Novo Produto
                  </span>
                  <p>
                    A Nova Coleção de Verão
                  </p>
                </div>
              </div>
            </div>
          </div>
          <div
            aria-hidden={true}
            className="slick-slide slick-cloned"
            data-index={2}
            onClick={[Function]}
            style={
              Object {
                "width": 0,
              }
            }
            tabIndex="-1"
          >
            <div>
              <div
                style={
                  Object {
                    "display": "inline-block",
                    "width": "100%",
                  }
                }
                tabIndex={-1}
              >
                <img
                  alt=""
                  src="category-slide1.jpg"
                />
                <div
                  className="info"
                >
                  <span>
                    Novo Produto
                  </span>
                  <p>
                    A Nova Coleção de Verão
                  </p>
                </div>
              </div>
            </div>
          </div>
          <div
            aria-hidden={true}
            className="slick-slide slick-cloned"
            data-index={3}
            onClick={[Function]}
            style={
              Object {
                "width": 0,
              }
            }
            tabIndex="-1"
          >
            <div>
              <div
                style={
                  Object {
                    "display": "inline-block",
                    "width": "100%",
                  }
                }
                tabIndex={-1}
              >
                <img
                  alt=""
                  src="category-slide2.jpg"
                />
                <div
                  className="info"
                >
                  <span>
                    Novo Produto
                  </span>
                  <p>
                    A Nova Coleção de Verão
                  </p>
                </div>
              </div>
            </div>
          </div>
        </div>
      </div>
      <button
        className="slick-arrow slick-next"
        data-role="none"
        onClick={[Function]}
        style={
          Object {
            "display": "block",
          }
        }
        type="button"
      >
         
        Next
      </button>
      <ul
        className="slick-dots"
        onMouseEnter={null}
        onMouseLeave={null}
        onMouseOver={null}
        style={
          Object {
            "display": "block",
          }
        }
      >
        <li
          className="slick-active"
        >
          <button
            onClick={[Function]}
          >
            1
          </button>
        </li>
        <li
          className=""
        >
          <button
            onClick={[Function]}
          >
            2
          </button>
        </li>
      </ul>
    </div>
  </div>
  <div
    className="brands-wrapper"
  >
    <div
      className="slick-slider brands slick-initialized"
      dir="ltr"
    >
      <div
        className="slick-arrow slick-prev"
        onClick={[Function]}
        style={
          Object {
            "display": "block",
          }
        }
      >
        <svg
          className="icon w-8 left"
        >
          left.svg
        </svg>
      </div>
      <div
        className="slick-list"
        onClick={[Function]}
        onKeyDown={[Function]}
        onMouseDown={[Function]}
        onMouseLeave={null}
        onMouseMove={null}
        onMouseUp={[Function]}
        onTouchCancel={null}
        onTouchEnd={[Function]}
        onTouchMove={null}
        onTouchStart={[Function]}
        style={Object {}}
      >
        <div
          className="slick-track"
          onMouseEnter={[Function]}
          onMouseLeave={[Function]}
          onMouseOver={[Function]}
          style={
            Object {
              "WebkitTransform": "translate3d(0px, 0px, 0px)",
              "WebkitTransition": "",
              "msTransform": "translateX(0px)",
              "opacity": 1,
              "transform": "translate3d(0px, 0px, 0px)",
              "transition": "",
            }
          }
        >
          <div
            aria-hidden={true}
            className="slick-slide slick-cloned"
            data-index={-4}
            onClick={[Function]}
            style={
              Object {
                "width": 0,
              }
            }
            tabIndex="-1"
          >
            <div>
              <img
                alt="brand4"
                src="brand4.png"
                style={
                  Object {
                    "display": "inline-block",
                    "width": "100%",
                  }
                }
                tabIndex={-1}
              />
            </div>
          </div>
          <div
            aria-hidden={true}
            className="slick-slide slick-cloned"
            data-index={-3}
            onClick={[Function]}
            style={
              Object {
                "width": 0,
              }
            }
            tabIndex="-1"
          >
            <div>
              <img
                alt="brand2"
                src="brand2.png"
                style={
                  Object {
                    "display": "inline-block",
                    "width": "100%",
                  }
                }
                tabIndex={-1}
              />
            </div>
          </div>
          <div
            aria-hidden={true}
            className="slick-slide slick-cloned"
            data-index={-2}
            onClick={[Function]}
            style={
              Object {
                "width": 0,
              }
            }
            tabIndex="-1"
          >
            <div>
              <img
                alt="brand1"
                src="brand1.png"
                style={
                  Object {
                    "display": "inline-block",
                    "width": "100%",
                  }
                }
                tabIndex={-1}
              />
            </div>
          </div>
          <div
            aria-hidden={true}
            className="slick-slide slick-cloned"
            data-index={-1}
            onClick={[Function]}
            style={
              Object {
                "width": 0,
              }
            }
            tabIndex="-1"
          >
            <div>
              <img
                alt="brand3"
                src="brand3.png"
                style={
                  Object {
                    "display": "inline-block",
                    "width": "100%",
                  }
                }
                tabIndex={-1}
              />
            </div>
          </div>
          <div
            aria-hidden={false}
            className="slick-slide slick-active slick-current"
            data-index={0}
            onClick={[Function]}
            style={
              Object {
                "outline": "none",
                "width": 0,
              }
            }
            tabIndex="-1"
          >
            <div>
              <img
                alt="brand1"
                src="brand1.png"
                style={
                  Object {
                    "display": "inline-block",
                    "width": "100%",
                  }
                }
                tabIndex={-1}
              />
            </div>
          </div>
          <div
            aria-hidden={false}
            className="slick-slide slick-active"
            data-index={1}
            onClick={[Function]}
            style={
              Object {
                "outline": "none",
                "width": 0,
              }
            }
            tabIndex="-1"
          >
            <div>
              <img
                alt="brand2"
                src="brand2.png"
                style={
                  Object {
                    "display": "inline-block",
                    "width": "100%",
                  }
                }
                tabIndex={-1}
              />
            </div>
          </div>
          <div
            aria-hidden={false}
            className="slick-slide slick-active"
            data-index={2}
            onClick={[Function]}
            style={
              Object {
                "outline": "none",
                "width": 0,
              }
            }
            tabIndex="-1"
          >
            <div>
              <img
                alt="brand3"
                src="brand3.png"
                style={
                  Object {
                    "display": "inline-block",
                    "width": "100%",
                  }
                }
                tabIndex={-1}
              />
            </div>
          </div>
          <div
            aria-hidden={false}
            className="slick-slide slick-active"
            data-index={3}
            onClick={[Function]}
            style={
              Object {
                "outline": "none",
                "width": 0,
              }
            }
            tabIndex="-1"
          >
            <div>
              <img
                alt="brand4"
                src="brand4.png"
                style={
                  Object {
                    "display": "inline-block",
                    "width": "100%",
                  }
                }
                tabIndex={-1}
              />
            </div>
          </div>
          <div
            aria-hidden={true}
            className="slick-slide"
            data-index={4}
            onClick={[Function]}
            style={
              Object {
                "outline": "none",
                "width": 0,
              }
            }
            tabIndex="-1"
          >
            <div>
              <img
                alt="brand2"
                src="brand2.png"
                style={
                  Object {
                    "display": "inline-block",
                    "width": "100%",
                  }
                }
                tabIndex={-1}
              />
            </div>
          </div>
          <div
            aria-hidden={true}
            className="slick-slide"
            data-index={5}
            onClick={[Function]}
            style={
              Object {
                "outline": "none",
                "width": 0,
              }
            }
            tabIndex="-1"
          >
            <div>
              <img
                alt="brand1"
                src="brand1.png"
                style={
                  Object {
                    "display": "inline-block",
                    "width": "100%",
                  }
                }
                tabIndex={-1}
              />
            </div>
          </div>
          <div
            aria-hidden={true}
            className="slick-slide"
            data-index={6}
            onClick={[Function]}
            style={
              Object {
                "outline": "none",
                "width": 0,
              }
            }
            tabIndex="-1"
          >
            <div>
              <img
                alt="brand3"
                src="brand3.png"
                style={
                  Object {
                    "display": "inline-block",
                    "width": "100%",
                  }
                }
                tabIndex={-1}
              />
            </div>
          </div>
          <div
            aria-hidden={true}
            className="slick-slide slick-cloned"
            data-index={7}
            onClick={[Function]}
            style={
              Object {
                "width": 0,
              }
            }
            tabIndex="-1"
          >
            <div>
              <img
                alt="brand1"
                src="brand1.png"
                style={
                  Object {
                    "display": "inline-block",
                    "width": "100%",
                  }
                }
                tabIndex={-1}
              />
            </div>
          </div>
          <div
            aria-hidden={true}
            className="slick-slide slick-cloned"
            data-index={8}
            onClick={[Function]}
            style={
              Object {
                "width": 0,
              }
            }
            tabIndex="-1"
          >
            <div>
              <img
                alt="brand2"
                src="brand2.png"
                style={
                  Object {
                    "display": "inline-block",
                    "width": "100%",
                  }
                }
                tabIndex={-1}
              />
            </div>
          </div>
          <div
            aria-hidden={true}
            className="slick-slide slick-cloned"
            data-index={9}
            onClick={[Function]}
            style={
              Object {
                "width": 0,
              }
            }
            tabIndex="-1"
          >
            <div>
              <img
                alt="brand3"
                src="brand3.png"
                style={
                  Object {
                    "display": "inline-block",
                    "width": "100%",
                  }
                }
                tabIndex={-1}
              />
            </div>
          </div>
          <div
            aria-hidden={true}
            className="slick-slide slick-cloned"
            data-index={10}
            onClick={[Function]}
            style={
              Object {
                "width": 0,
              }
            }
            tabIndex="-1"
          >
            <div>
              <img
                alt="brand4"
                src="brand4.png"
                style={
                  Object {
                    "display": "inline-block",
                    "width": "100%",
                  }
                }
                tabIndex={-1}
              />
            </div>
          </div>
          <div
            aria-hidden={true}
            className="slick-slide slick-cloned"
            data-index={11}
            onClick={[Function]}
            style={
              Object {
                "width": 0,
              }
            }
            tabIndex="-1"
          >
            <div>
              <img
                alt="brand2"
                src="brand2.png"
                style={
                  Object {
                    "display": "inline-block",
                    "width": "100%",
                  }
                }
                tabIndex={-1}
              />
            </div>
          </div>
          <div
            aria-hidden={true}
            className="slick-slide slick-cloned"
            data-index={12}
            onClick={[Function]}
            style={
              Object {
                "width": 0,
              }
            }
            tabIndex="-1"
          >
            <div>
              <img
                alt="brand1"
                src="brand1.png"
                style={
                  Object {
                    "display": "inline-block",
                    "width": "100%",
                  }
                }
                tabIndex={-1}
              />
            </div>
          </div>
          <div
            aria-hidden={true}
            className="slick-slide slick-cloned"
            data-index={13}
            onClick={[Function]}
            style={
              Object {
                "width": 0,
              }
            }
            tabIndex="-1"
          >
            <div>
              <img
                alt="brand3"
                src="brand3.png"
                style={
                  Object {
                    "display": "inline-block",
                    "width": "100%",
                  }
                }
                tabIndex={-1}
              />
            </div>
          </div>
        </div>
      </div>
      <div
        className="slick-arrow slick-next"
        onClick={[Function]}
        style={
          Object {
            "display": "block",
          }
        }
      >
        <svg
          className="icon w-8 right"
        >
          right.svg
        </svg>
      </div>
    </div>
  </div>
</div>
`;
